// Jest Snapshot v1, https://goo.gl/fbAQLP

exports[`TodoList component should render TodoList component 1`] = `
ShallowWrapper {
  Symbol(enzyme.__root__): [Circular],
  Symbol(enzyme.__unrendered__): <TodoList
    todos={
      Array [
        Object {
          "completed": false,
          "id": 1,
          "text": "mock todo",
        },
      ]
    }
    toggleTodo={[MockFunction]}
  />,
  Symbol(enzyme.__renderer__): Object {
    "batchedUpdates": [Function],
    "checkPropTypes": [Function],
    "getNode": [Function],
    "render": [Function],
    "simulateError": [Function],
    "simulateEvent": [Function],
    "unmount": [Function],
  },
  Symbol(enzyme.__node__): Object {
    "instance": null,
    "key": undefined,
    "nodeType": "host",
    "props": Object {
      "children": Array [
        <Todo
          completed={false}
          id={1}
          onClick={[Function]}
          text="mock todo"
        />,
      ],
    },
    "ref": null,
    "rendered": Array [
      Object {
        "instance": null,
        "key": "1",
        "nodeType": "function",
        "props": Object {
          "completed": false,
          "id": 1,
          "onClick": [Function],
          "text": "mock todo",
        },
        "ref": null,
        "rendered": null,
        "type": [Function],
      },
    ],
    "type": "ul",
  },
  Symbol(enzyme.__nodes__): Array [
    Object {
      "instance": null,
      "key": undefined,
      "nodeType": "host",
      "props": Object {
        "children": Array [
          <Todo
            completed={false}
            id={1}
            onClick={[Function]}
            text="mock todo"
          />,
        ],
      },
      "ref": null,
      "rendered": Array [
        Object {
          "instance": null,
          "key": "1",
          "nodeType": "function",
          "props": Object {
            "completed": false,
            "id": 1,
            "onClick": [Function],
            "text": "mock todo",
          },
          "ref": null,
          "rendered": null,
          "type": [Function],
        },
      ],
      "type": "ul",
    },
  ],
  Symbol(enzyme.__options__): Object {
    "adapter": ReactSixteenAdapter {
      "options": Object {
        "enableComponentDidUpdateOnSetState": true,
        "legacyContextMode": "parent",
        "lifecycles": Object {
          "componentDidUpdate": Object {
            "onSetState": true,
          },
          "getChildContext": Object {
            "calledByRenderer": false,
          },
          "getDerivedStateFromError": true,
          "getDerivedStateFromProps": Object {
            "hasShouldComponentUpdateBug": false,
          },
          "getSnapshotBeforeUpdate": true,
          "setState": Object {
            "skipsComponentDidUpdateOnNullish": true,
          },
        },
      },
    },
    Symbol(enzyme.__providerValues__): undefined,
  },
  Symbol(enzyme.__providerValues__): Map {},
}
`;
